Toby
Toby
Toby
Toby
Toby
Toby
Toby
Toby
Toby
Sherlock
Toby
Sherlock
Toby
Toby
Toby
Toby
Toby
Toby
Toby
Sherlock
Sherlock
Toby
Toby
Toby
Toby
Toby
Toby
Toby
Toby
Toby
Toby
Toby
Sherlock
Toby
Sherlock
Toby
Toby
Toby
Toby
Toby
Toby
Toby
Toby
Toby
Toby
Toby
Toby
Toby
Toby
Toby
Toby
Toby
Toby
Toby
Toby
Toby
Toby
Toby
Toby
Toby
Toby
Toby
Toby
Toby
Toby
Sherlock
Sherlock
Toby
Toby
Toby
Toby
Toby
Toby
Toby
Toby
Sherlock
Sherlock
Toby
Toby
Toby
Toby
Toby
Toby
Toby
Toby
Toby
Sherlock
Toby
Sherlock
Sherlock
Sherlock
Toby
Toby
Toby
Toby
Toby
Toby
Toby
Toby
Toby
Sherlock
Toby
Toby
Toby
Toby
Toby
Toby
Toby
Toby
Toby
Toby
Toby
Sherlock
Toby
Sherlock
Toby
Toby
Toby
Toby
Toby
Toby
Toby
Toby
Toby
Toby
Toby
Sherlock
Toby
Toby
Toby
Toby
Toby
Toby
Sherlock
Sherlock
Toby
Toby
Toby
Toby
Toby
Toby
Toby
Sherlock
Toby
Toby
Sherlock
Toby
Toby
Toby
Toby
Sherlock
Toby
Sherlock
Toby
Toby
Toby
Toby
Sherlock
Toby
Toby
Toby
Toby
Toby
Toby
Toby
Toby
Toby
Toby
Toby
Toby
Sherlock
Sherlock
Toby
Toby
Toby
Toby
Toby
Sherlock
Toby
Toby
Sherlock
Sherlock
Toby
Sherlock
Toby
Toby
Toby
Toby
Toby
Toby
Toby
Toby
Toby
Toby
Toby
Toby
Toby
Toby
Toby
Sherlock
Toby
Sherlock
Toby
Toby
Toby
Toby
Toby
Toby
Toby
Sherlock
Toby
Toby
Toby
Toby
Toby
Toby
Toby
Toby
Sherlock
Toby
Toby
Toby
Toby
Sherlock
Toby
Sherlock
Toby
Sherlock
Toby
Toby
Toby
Sherlock
Toby
Toby
Toby
Toby
Toby
Toby
Toby
Toby
Sherlock
Toby
Toby
Toby
Toby
Toby
Toby
Toby
Toby
Toby
Toby
Sherlock
Toby
Toby
Toby
Toby
Toby
Toby
Toby
Toby
Toby
Sherlock
Toby
Toby
Toby
Toby
Toby
Toby
Toby
Toby
Toby
Sherlock
Toby
Toby
Sherlock
Toby
Sherlock
Toby
Toby
Toby
Toby
Toby
Toby
Toby
Toby
Toby
Toby
Sherlock
Sherlock
Toby
Toby
Toby
Toby
Toby
Sherlock
Toby
Toby
Toby
Toby
Toby
Toby
Toby
Toby
Toby
Toby
Toby
Toby
Toby
Toby
Sherlock
Toby
Toby
Toby
Toby
Toby
Toby
Toby
Sherlock
Sherlock
Toby
Toby
Toby
Toby
Toby
Toby
Toby
Sherlock
Toby
Toby
Toby
Toby
Toby
Toby
Sherlock
Toby
Toby
Toby
Toby
Toby
Toby
Sherlock
Sherlock
Toby
Toby
Toby
Toby
Sherlock
Toby
Toby
Toby
Toby
Toby
Toby
Toby
Toby
Toby
Sherlock
Toby
Toby
Toby
Toby
Toby
Toby
Toby
Toby
Sherlock
Toby
Toby
Toby
Toby
Toby
Toby
Toby
Toby
Toby
Toby
Toby
Toby
Toby
Toby
Toby
Toby
Toby
Toby
Sherlock
Toby
Toby
Toby
Sherlock
Toby
Toby
Toby
Toby
Toby
Sherlock
Toby
Toby
Toby
Toby
Sherlock
Sherlock
Toby
Sherlock
Toby
Toby
Toby
Sherlock
Toby
Toby
Toby
Toby
Toby
Toby
Toby
Sherlock
Toby
Sherlock
Sherlock
Toby
Toby
Sherlock
Toby
Toby
Toby
Toby
Toby
Toby
Toby
Toby
Toby
Toby
Toby
Toby
Toby
Toby
Toby
Toby
Toby
Sherlock
Toby
Toby
Sherlock
Toby
Toby
Toby
Toby
Sherlock
Toby
Toby
Toby
Toby
Sherlock
Toby
Toby
Toby
Toby
Toby
Toby
Toby
Toby
Toby
Toby
Toby
Toby
Toby
Sherlock
Toby
Sherlock
Sherlock
Toby
Toby
Toby
Toby
Toby
Toby
Toby
Sherlock
Sherlock
Toby
Toby
Toby
Toby
Toby
Toby
Toby
Toby
Toby
Toby
Toby
Toby
Toby
Toby
Toby
Toby
Toby
Toby
Toby
Toby
Toby
Toby
Toby
Toby
Toby
Toby
Toby
Sherlock
Toby
Toby
Toby
Sherlock
Sherlock
Toby
Sherlock
Toby
Toby
Toby
Toby
Toby
Toby
Toby
Toby
Toby
Toby
Toby
Toby
Toby
Toby
Toby
Sherlock
Toby
Sherlock
Toby
Toby
Toby
Toby
Toby
Toby
Toby
Toby
Toby
Toby
Toby
Toby
Toby
Toby
Toby
Sherlock
Toby
Toby
Toby
Sherlock
Toby
Toby
Toby
Toby
Toby
Toby
Sherlock
Toby
Toby
Toby
Toby
Toby
Toby
Toby
Toby
Sherlock
Toby
Toby
Toby
Sherlock
Toby
Toby
Toby
Sherlock
Toby
Toby
Toby
Toby
Toby
Toby
Sherlock
Sherlock
Toby
Toby
Toby
Toby
Toby
Toby
Toby
Toby
Sherlock
Toby
Toby
Sherlock
Sherlock
Toby
Toby
Toby
Toby
Toby
Toby
Toby
Toby
Toby
Toby
Sherlock
Toby
Sherlock
Toby
Toby
Sherlock
Toby
Toby
Toby
Toby
Toby
Toby
Sherlock
Toby
Toby
Toby
Toby
Toby
Toby
Toby
Toby
Toby
Toby
Toby
Toby
Sherlock
Toby
Toby
Toby
Toby
Toby
Toby
Toby
Toby
Toby
Toby
Toby
Toby
Toby
Toby
Sherlock
Toby
Toby
Toby
Toby
Sherlock
Toby
Toby
Toby
Toby
Toby
Toby
Toby
Toby
Toby
Toby
Toby
Toby
Toby
Toby
Toby
Toby
Toby
Sherlock
Toby
Toby
Toby
Toby
Toby
Toby
Toby
Toby
Toby
Toby
Toby
Toby
Sherlock
Toby
Toby
Toby
Toby
Toby
Toby
Toby
Toby
Toby
Toby
Toby
Toby
Toby
Sherlock
Toby
Sherlock
Toby
Toby
Toby
Toby
Toby
Toby
Toby
Toby
Toby
Toby
Toby
Toby
Toby
Toby
Toby
Toby
Toby
Sherlock
Toby
Toby
Toby
Toby
Toby
Sherlock
Toby
Toby
Toby
Toby
Toby
Toby
Toby
Toby
Toby
Toby
Toby
Toby
Toby
Toby
Toby
Toby
Sherlock
Toby
Toby
Toby
Toby
Toby
Toby
Toby
Toby
Toby
Toby
Toby
Toby
Toby
Toby
Toby
Toby
Toby
Toby
Sherlock
Toby
Toby
Toby
Toby
Toby
Toby
Toby
Toby
Toby
Toby
Toby
Toby
Toby
Toby
Toby
Toby
Toby
Toby
Sherlock
Toby
Toby
Toby
Toby
Toby
Toby
Toby
Sherlock
Toby
Toby
Toby
Toby
Toby
Sherlock
Toby
Toby
Toby
Toby
Toby
Toby
Toby
Sherlock
Toby
Toby
Toby
Toby
Toby
Toby
Toby
Toby
Toby
Toby
Toby
Toby
Toby
Sherlock
Toby
Toby
Sherlock
Toby
Sherlock
Toby
Toby
Toby
Toby
Toby
Toby
Sherlock
Sherlock
Toby
Toby
Toby
Toby
Toby
Toby
Toby
Toby
Toby
Toby
Toby
Toby
Sherlock
Toby
Toby
Sherlock
Toby
Toby
Toby
Toby
Sherlock
Sherlock
Toby
Toby
Toby
Sherlock
Toby
Toby
Toby
Toby
Toby
Toby
Toby
Toby
Toby
Toby
Toby
Toby
Toby
Toby
Toby
Sherlock
Sherlock
Sherlock
Toby
Toby
Toby
Toby
Toby
Toby
Toby
Sherlock
Toby
Toby
Toby
Sherlock
Toby
Sherlock
Toby
Toby
Toby
Toby
Toby
Toby
Toby
Toby
Sherlock
Toby
Toby
Toby
Toby
Sherlock
Toby
Toby
Toby
Toby
Toby
Sherlock
Toby
Toby
Toby
Toby
Toby
Toby
Toby
Toby
Toby
Toby
Toby
Toby
Toby
Toby
Toby
Toby
Toby
Sherlock
Toby
Sherlock
Toby
Toby
Toby
Toby
Toby
Toby
Toby
Toby
Toby
Toby
Toby
Toby
Toby
Toby
Toby
Toby
Sherlock
Toby
Toby
Toby
Toby
Toby
Sherlock
Toby
Toby
Toby
Toby
Toby
Toby
Toby
Toby
Toby
Toby
Toby
Toby
Toby
Toby
Toby
Toby
Sherlock
Toby
Toby
Sherlock
Toby
Toby
Toby
Toby
Toby
Toby
Toby
Toby
Toby
Toby
Toby
Toby
Toby
Toby
Sherlock
Toby
Toby
Toby
Toby
Toby
Toby
Toby
Toby
Sherlock
Toby
Toby
Toby
Toby
Toby
Toby
Toby
Toby
