Toby
Toby
Toby
Toby
Toby
Sherlock
Toby
Toby
Toby
Toby
Toby
Sherlock
Toby
Toby
Toby
Toby
Toby
Sherlock
Toby
Toby
Toby
Toby
Toby
Sherlock
Toby
Toby
Toby
Toby
Toby
Sherlock
Toby
Toby
Toby
Toby
Toby
Sherlock
Toby
Toby
Toby
Toby
Toby
Sherlock
Toby
Toby
Toby
Toby
Toby
Sherlock
Toby
Toby
Toby
Toby
Toby
Sherlock
Toby
Toby
Toby
Toby
Toby
Sherlock
Toby
Toby
Toby
Toby
Toby
Sherlock
Toby
Toby
Toby
Toby
Toby
Sherlock
Toby
Toby
Toby
Toby
Toby
Sherlock
Toby
Toby
Toby
Toby
Toby
Sherlock
Toby
Toby
Toby
Toby
Toby
Sherlock
Toby
Toby
Toby
Toby
Toby
Sherlock
Toby
Toby
Toby
Toby
Toby
Sherlock
Toby
Toby
Toby
Toby
Toby
Sherlock
Toby
Toby
Toby
Toby
Toby
Sherlock
Toby
Toby
Toby
Toby
Toby
Sherlock
Toby
Toby
Toby
Toby
Toby
Sherlock
Toby
Toby
Toby
Toby
Toby
Sherlock
Toby
Toby
Toby
Toby
Toby
Sherlock
Toby
Toby
Toby
Toby
Toby
Sherlock
Toby
Toby
Toby
Toby
Toby
Sherlock
Toby
Toby
Toby
Toby
Toby
Sherlock
Toby
Toby
Toby
Toby
Toby
Sherlock
Toby
Toby
Toby
Toby
Toby
Sherlock
Toby
Toby
Toby
Toby
Toby
Sherlock
Toby
Toby
Toby
Toby
Toby
Sherlock
Toby
Toby
Toby
Toby
Toby
Sherlock
Toby
Toby
Toby
Toby
Toby
Sherlock
Toby
Toby
Toby
Toby
Toby
Sherlock
Toby
Toby
Toby
Toby
Toby
Sherlock
Toby
Toby
Toby
Toby
Toby
Sherlock
Toby
Toby
Toby
Toby
Toby
Sherlock
Toby
Toby
Toby
Toby
Toby
Sherlock
Toby
Toby
Toby
Toby
Toby
Sherlock
Toby
Toby
Toby
Toby
Toby
Sherlock
Toby
Toby
Toby
Toby
Toby
Sherlock
Toby
Toby
Toby
Toby
Toby
Sherlock
Toby
Toby
Toby
Toby
Toby
Sherlock
Toby
Toby
Toby
Toby
Toby
Sherlock
Toby
Toby
Toby
Toby
Toby
Sherlock
Toby
Toby
Toby
Toby
Toby
Sherlock
Toby
Toby
Toby
Toby
Toby
Sherlock
Toby
Toby
Toby
Toby
Toby
Sherlock
Toby
Toby
Toby
Toby
Toby
Sherlock
Toby
Toby
Toby
Toby
Toby
Sherlock
Toby
Toby
Toby
Toby
Toby
Sherlock
Toby
Toby
Toby
Toby
Toby
Sherlock
Toby
Toby
Toby
Toby
Toby
Sherlock
Toby
Toby
Toby
Toby
Toby
Sherlock
Toby
Toby
Toby
Toby
Toby
Sherlock
Toby
Toby
Toby
Toby
Toby
Sherlock
Toby
Toby
Toby
Toby
Toby
Sherlock
Toby
Toby
Toby
Toby
Toby
Sherlock
Toby
Toby
Toby
Toby
Toby
Sherlock
Toby
Toby
Toby
Toby
Toby
Sherlock
Toby
Toby
Toby
Toby
Toby
Sherlock
Toby
Toby
Toby
Toby
Toby
Sherlock
Toby
Toby
Toby
Toby
Toby
Sherlock
Toby
Toby
Toby
Toby
Toby
Sherlock
Toby
Toby
Toby
Toby
Toby
Sherlock
Toby
Toby
Toby
Toby
Toby
Sherlock
Toby
Toby
Toby
Toby
Toby
Sherlock
Toby
Toby
Toby
Toby
Toby
Sherlock
Toby
Toby
Toby
Toby
Toby
Sherlock
Toby
Toby
Toby
Toby
Toby
Sherlock
Toby
Toby
Toby
Toby
Toby
Sherlock
Toby
Toby
Toby
Toby
Toby
Sherlock
Toby
Toby
Toby
Toby
Toby
Sherlock
Toby
Toby
Toby
Toby
Toby
Sherlock
Toby
Toby
Toby
Toby
Toby
Sherlock
Toby
Toby
Toby
Toby
Toby
Sherlock
Toby
Toby
Toby
Toby
Toby
Sherlock
Toby
Toby
Toby
Toby
Toby
Sherlock
Toby
Toby
Toby
Toby
Toby
Sherlock
Toby
Toby
Toby
Toby
Toby
Sherlock
Toby
Toby
Toby
Toby
Toby
Sherlock
Toby
Toby
Toby
Toby
Toby
Sherlock
Toby
Toby
Toby
Toby
Toby
Sherlock
Toby
Toby
Toby
Toby
Toby
Sherlock
Toby
Toby
Toby
Toby
Toby
Sherlock
Toby
Toby
Toby
Toby
Toby
Sherlock
Toby
Toby
Toby
Toby
Toby
Sherlock
Toby
Toby
Toby
Toby
Toby
Sherlock
Toby
Toby
Toby
Toby
Toby
Sherlock
Toby
Toby
Toby
Toby
Toby
Sherlock
Toby
Toby
Toby
Toby
Toby
Sherlock
Toby
Toby
Toby
Toby
Toby
Sherlock
Toby
Toby
Toby
Toby
Toby
Sherlock
Toby
Toby
Toby
Toby
Toby
Sherlock
Toby
Toby
Toby
Toby
Toby
Sherlock
Toby
Toby
Toby
Toby
Toby
Sherlock
Toby
Toby
Toby
Toby
Toby
Sherlock
Toby
Toby
Toby
Toby
Toby
Sherlock
Toby
Toby
Toby
Toby
Toby
Sherlock
Toby
Toby
Toby
Toby
Toby
Sherlock
Toby
Toby
Toby
Toby
Toby
Sherlock
Toby
Toby
Toby
Toby
Toby
Sherlock
Toby
Toby
Toby
Toby
Toby
Sherlock
Toby
Toby
Toby
Toby
Toby
Sherlock
Toby
Toby
Toby
Toby
Toby
Sherlock
Toby
Toby
Toby
Toby
Toby
Sherlock
Toby
Toby
Toby
Toby
Toby
Sherlock
Toby
Toby
Toby
Toby
Toby
Sherlock
Toby
Toby
Toby
Toby
Toby
Sherlock
Toby
Toby
Toby
Toby
Toby
Sherlock
Toby
Toby
Toby
Toby
Toby
Sherlock
Toby
Toby
Toby
Toby
Toby
Sherlock
Toby
Toby
Toby
Toby
Toby
Sherlock
Toby
Toby
Toby
Toby
Toby
Sherlock
Toby
Toby
Toby
Toby
Toby
Sherlock
Toby
Toby
Toby
Toby
Toby
Sherlock
Toby
Toby
Toby
Toby
Toby
Sherlock
Toby
Toby
Toby
Toby
Toby
Sherlock
Toby
Toby
Toby
Toby
Toby
Sherlock
Toby
Toby
Toby
Toby
Toby
Sherlock
Toby
Toby
Toby
Toby
Toby
Sherlock
Toby
Toby
Toby
Toby
Toby
Sherlock
Toby
Toby
Toby
Toby
Toby
Sherlock
Toby
Toby
Toby
Toby
Toby
Sherlock
Toby
Toby
Toby
Toby
Toby
Sherlock
Toby
Toby
Toby
Toby
Toby
Sherlock
Toby
Toby
Toby
Toby
Toby
Sherlock
Toby
Toby
Toby
Toby
Toby
Sherlock
Toby
Toby
Toby
Toby
Toby
Sherlock
Toby
Toby
Toby
Toby
Toby
Sherlock
Toby
Toby
Toby
Toby
Toby
Sherlock
Toby
Toby
Toby
Toby
Toby
Sherlock
Toby
Toby
Toby
Toby
Toby
Sherlock
Toby
Toby
Toby
Toby
Toby
Sherlock
Toby
Toby
Toby
Toby
Toby
Sherlock
Toby
Toby
Toby
Toby
Toby
Sherlock
Toby
Toby
Toby
Toby
Toby
Sherlock
Toby
Toby
Toby
Toby
Toby
Sherlock
Toby
Toby
Toby
Toby
Toby
Sherlock
Toby
Toby
Toby
Toby
Toby
Sherlock
Toby
Toby
Toby
Toby
Toby
Sherlock
Toby
Toby
Toby
Toby
Toby
Sherlock
Toby
Toby
Toby
Toby
Toby
Sherlock
Toby
Toby
Toby
Toby
Toby
Sherlock
Toby
Toby
Toby
Toby
Toby
Sherlock
Toby
Toby
Toby
Toby
Toby
Sherlock
Toby
Toby
Toby
Toby
Toby
Sherlock
Toby
Toby
Toby
Toby
Toby
Sherlock
Toby
Toby
Toby
Toby
Toby
Sherlock
Toby
Toby
Toby
Toby
Toby
Sherlock
Toby
Toby
Toby
Toby
Toby
Sherlock
Toby
Toby
Toby
Toby
Toby
Sherlock
Toby
Toby
Toby
Toby
Toby
Sherlock
Toby
Toby
Toby
Toby
Toby
Sherlock
Toby
Toby
Toby
Toby
Toby
Sherlock
Toby
Toby
Toby
Toby
Toby
Sherlock
Toby
Toby
Toby
Toby
Toby
Sherlock
Toby
Toby
Toby
Toby
Toby
Sherlock
Toby
Toby
Toby
Toby
Toby
Sherlock
Toby
Toby
Toby
Toby
Toby
Sherlock
Toby
Toby
Toby
Toby
Toby
Sherlock
Toby
Toby
Toby
Toby
Toby
Sherlock
Toby
Toby
Toby
Toby
Toby
Sherlock
Toby
Toby
Toby
Toby
Toby
Sherlock
Toby
Toby
Toby
Toby
Toby
Sherlock
Toby
Toby
Toby
Toby
Toby
Sherlock
Toby
Toby
Toby
Toby
Toby
Sherlock
Toby
Toby
Toby
Toby
